---
source: crates/rs_db_parser/src/ast/commands/insert.rs
description: "Input: INSERT INTO test_table (id, name) VALUES ( 2) "
expression: s
---
  × Parse Error
   ╭────
 1 │ INSERT INTO test_table (id, name) VALUES ( 2) 
   ·                             ▲
   ·                             ╰── external error:
  Column declared, but not used
   ╰────

Error:   × Parse Error Context
   ╭────
 1 │ INSERT INTO test_table (id, name) VALUES ( 2) 
   ·                       ▲
   ·                       ╰── in section "Insert Statement"
   ╰────

